
[1m0. tree guard — recording /private/tmp/perry-scratch/Perry/arch-followup-tree[0m
  · recorded

[1m1. schema drift guard (templates vs schema/state-schema.json)[0m
perry-lint · templates in /private/tmp/perry-scratch/Perry/arch-followup-tree
  ✓ clean — every state file matches schema/state-schema.json

[1m2. parser / extractor / linter contract tests[0m

162 modules · 4565 tests · 136.1s · 8 workers

durations: 162 recorded · 162 on disk · 161 stamped at an ancestor ref · 0 stale · 0 unstamped · 1 unmeasured
  ✓ every module on disk is accounted for
[32m✓ all green[0m

[1m3. bin/ scripts are syntactically valid and self-documenting[0m
  ✓ all bin/ scripts OK

[1m4. sample projects lint clean (English and Chinese)[0m
perry-lint · /private/tmp/perry-scratch/Perry/arch-followup-tree/tests/fixtures/sample-project
  ⚠ design/DESIGN-002-flake-scoring.md [missing-section] required section not found: ## Architecture (not yet blocking at Status: in_review; required at locked)
  ⚠ design/DESIGN-002-flake-scoring.md [missing-section] required section not found: ## Implementation plan (not yet blocking at Status: in_review; required at locked)
  ⚠ design/DESIGN-002-flake-scoring.md [missing-section] required section not found: ## Risks & mitigations (not yet blocking at Status: in_review; required at locked)
  ⚠ evidence [NS-01] `evidence/` holds 2 file(s) Perry did not write. Perry will read them as its own state and report them as broken, and the next lint run will say your file is malformed. It is not — it is in a folder Perry claimed. Either move Perry's state to its own root — `/perry relocate perry` — or move these files out of `evidence/`. Both are reversible; the first is one command. Evidence: evidence/2026-08/REL-001-spec.md, evidence/2026-08/REL-002-spec.md
  ⚠ inputs [NS-01] `inputs/` holds 1 file(s) Perry did not write. Perry will read them as its own state and report them as broken, and the next lint run will say your file is malformed. It is not — it is in a folder Perry claimed. Either move Perry's state to its own root — `/perry relocate perry` — or move these files out of `inputs/`. Both are reversible; the first is one command. Evidence: inputs/vendor-api.md
  ⚠ evidence/2026-08/REL-001-spec.md [spec-scope-unscannable] no `## Files in scope` or `## Deliverable` — `dispatch.md` step 4.2 has nothing here to read, so nobody can say this row's scope was screened
  ⚠ evidence/2026-08/REL-002-spec.md [spec-scope-unscannable] no `## Files in scope` or `## Deliverable` — `dispatch.md` step 4.2 has nothing here to read, so nobody can say this row's scope was screened
  ⚠ evidence/2026-08/REL-001-spec.md [spec-unbounded] no `## Bound` — a round against this spec has no finite set to check and no last element, so it cannot know when it is done (work/reference/review.md § 1). Write the bound BEFORE the round, not during it
  ⚠ evidence/2026-08/REL-002-spec.md [spec-unbounded] no `## Bound` — a round against this spec has no finite set to check and no last element, so it cannot know when it is done (work/reference/review.md § 1). Write the bound BEFORE the round, not during it

  0 error(s), 9 warning(s)
  · tasks store: 4 record(s); no board file is read — nothing is projected from one, so there is nothing to drift
  · risks store: 1 record(s); no board file is read — nothing is projected from one, so there is nothing to drift
  · no `intake.jsonl` — drift against the intake store is unchecked, not clean
  · ask store: 1 record(s); no board file is read — nothing is projected from one, so there is nothing to drift
  · cadence store: 1 record(s); no board file is read — nothing is projected from one, so there is nothing to drift
  · no `okr.jsonl` — drift against the OKR store is unchecked, not clean
  · config store: 5 record(s), all valid
  · linkage store: 13 record(s), 0 malformed
  · specs: 2 of 2 declare no scope for `dispatch.md` step 4.2 to read — nobody can say those rows were screened (`perry-lint --specs --json` names every one)
  · bounds: 2 of 2 spec(s) carry no `## Bound` — a round against those has no finite set to check and no last element (`perry-lint --specs --json` names every one)
  · summaries: all 3 open row(s) carry one that is not just the title again
perry-lint · /private/tmp/perry-scratch/Perry/arch-followup-tree/tests/fixtures/sample-project-zh
  ✓ clean — every state file matches schema/state-schema.json
  · tasks store: 3 record(s); no board file is read — nothing is projected from one, so there is nothing to drift
  · risks store: 1 record(s); no board file is read — nothing is projected from one, so there is nothing to drift
  · no `intake.jsonl` — drift against the intake store is unchecked, not clean
  · ask store: 1 record(s); no board file is read — nothing is projected from one, so there is nothing to drift
  · cadence store: 1 record(s); no board file is read — nothing is projected from one, so there is nothing to drift
  · no `okr.jsonl` — drift against the OKR store is unchecked, not clean
  · config store: 7 record(s), all valid
  · no `linkage.jsonl` — the linkage store is unchecked, not clean
  · no `*-spec.md` under evidence/ — the dispatch pre-flight has nothing to read here
  · summaries: all 3 open row(s) carry one that is not just the title again

[1m0. tree guard — the tree the suite started in is the tree it ends in[0m
  ✓ nothing under /private/tmp/perry-scratch/Perry/arch-followup-tree moved

[32m✓ all green[0m
