tier affected · 7ffcc6337bc5c8b31d2e8992c251e23299bff1ea...HEAD · 2 changed path(s) · running the modules below
  test_add_declares_unlinked.py             covers bin/perry-state: bin/perry-state
  test_add_writes_the_edge.py               covers bin/perry-state: bin/perry-state
  test_answered_ask_is_legible.py           covers bin/perry-state: bin/perry-state
  test_architecture_rules.py                covers bin/: bin/perry-state
  test_asks_store.py                        covers bin/perry-state: bin/perry-state
  test_attribution_buckets.py               covers bin/perry-state: bin/perry-state
  test_bin_argument_contract.py             covers bin/: bin/perry-state
  test_bin_surface.py                       covers bin/: bin/perry-state
  test_blank_cell_is_one_rule.py            COVERS = ALL
  test_board_less_project_is_recognised.py  covers bin/perry-state: bin/perry-state
  test_board_less_reads_and_writes.py       covers bin/perry-state: bin/perry-state
  test_cadence.py                           covers bin/perry-state: bin/perry-state
  test_cadence_store.py                     covers bin/perry-state: bin/perry-state
  test_claims.py                            covers tests/test_: tests/test_next_section.py
  test_compact_payload.py                   covers bin/perry-state: bin/perry-state
  test_config_store_readers.py              covers bin/perry-state: bin/perry-state
  test_decoration_changes_nothing.py        covers bin/perry-state: bin/perry-state
  test_empty_config_store.py                covers bin/perry-state: bin/perry-state
  test_escalation_boundaries.py             covers bin/: bin/perry-state
  test_escalation_union.py                  covers bin/perry-state: bin/perry-state
  test_escaped_pipe_corpus.py               covers bin/perry-state: bin/perry-state
  test_handed_back_root.py                  covers bin/: bin/perry-state
  test_header_index_is_the_only_fold.py     covers bin/: bin/perry-state
  test_header_rule_harness.py               covers bin/: bin/perry-state
  test_i18n.py                              covers bin/perry-state: bin/perry-state
  test_i18n_one_table.py                    covers bin/perry-state: bin/perry-state
  test_installed_is_one_predicate.py        covers bin/perry-state: bin/perry-state
  test_intake_signal.py                     covers bin/perry-state: bin/perry-state
  test_intake_store.py                      covers bin/perry-state: bin/perry-state
  test_kr_progress_provenance.py            covers bin/: bin/perry-state
  test_linkage_store_readers.py             covers bin/perry-state: bin/perry-state
  test_live_state_expectations.py           covers bin/perry-state: bin/perry-state
  test_md_store.py                          covers bin/perry-state: bin/perry-state
  test_measured_krs_declare_a_target.py     covers bin/perry-state: bin/perry-state
  test_missing_defaults.py                  covers bin/perry-state: bin/perry-state
  test_module_run_guard.py                  covers tests/: tests/test_next_section.py
  test_next_section.py                      changed: tests/test_next_section.py
  test_one_choke_point.py                   covers bin/: bin/perry-state
  test_one_header_rule.py                   covers bin/: bin/perry-state
  test_one_heading_predicate.py             covers bin/perry-state: bin/perry-state
  test_one_primitive.py                     covers bin/: bin/perry-state
  test_parsers.py                           covers bin/perry-state: bin/perry-state
  test_phase_kr_declared_once.py            covers bin/perry-state: bin/perry-state
  test_project_root_resolution.py           covers bin/perry-state: bin/perry-state
  test_purge.py                             covers bin/perry-state: bin/perry-state
  test_queue_sla.py                         covers bin/perry-state: bin/perry-state
  test_resume.py                            covers bin/perry-state: bin/perry-state
  test_retired_tolerance.py                 covers bin/perry-state: bin/perry-state
  test_risks.py                             covers bin/perry-state: bin/perry-state
  test_risks_store.py                       covers bin/perry-state: bin/perry-state
  test_role_cards.py                        covers bin/perry-state: bin/perry-state
  test_role_delegation.py                   covers bin/perry-state: bin/perry-state
  test_row_integrity.py                     covers bin/: bin/perry-state
  test_same_action_linkage.py               covers bin/perry-state: bin/perry-state
  test_semantics_on_every_payload.py        covers bin/perry-state: bin/perry-state
  test_shipped_vocabulary.py                covers bin/: bin/perry-state
  test_spec_scannability.py                 covers bin/perry-state: bin/perry-state
  test_stage_separators.py                  covers bin/perry-state: bin/perry-state
  test_store_population_agrees.py           covers bin/: bin/perry-state
  test_task_writer_contracts.py             covers bin/perry-state: bin/perry-state
  test_task_writer_intake.py                covers bin/perry-state: bin/perry-state
  test_track_move.py                        covers bin/perry-state: bin/perry-state
  test_track_register_source.py             covers bin/perry-state: bin/perry-state
  test_tracks_source_documented.py          covers bin/perry-state: bin/perry-state
  test_wip_and_stages.py                    covers bin/perry-state: bin/perry-state
  test_work_modes.py                        covers bin/perry-state: bin/perry-state
selected 66 of 158 modules · 747.7 of 1617.1 module-seconds (46.2%)

66 modules · 2037 tests · 99.1s · 4 workers

durations: 158 recorded · 158 on disk · 157 stamped at an ancestor ref · 0 stale · 0 unstamped · 1 unmeasured
  ✓ every module on disk is accounted for
[32m✓ green for --tier affected — this is NOT a green suite[0m
