tier affected · 6a0cdb79a2d845a02d91dd8212f69794f312a352...HEAD · 2 changed path(s) · running the modules below
  test_actor_required.py                 covers reference/: reference/next.md
  test_blank_cell_is_one_rule.py         COVERS = ALL
  test_claims.py                         covers reference/: reference/next.md
  test_compact_payload.py                covers reference/snapshot.md: reference/snapshot.md
  test_next_closing.py                   covers reference/next.md: reference/next.md
  test_next_section.py                   covers reference/next.md: reference/next.md
  test_ownership.py                      covers reference/: reference/next.md
  test_pointers_resolve.py               covers reference/: reference/next.md
  test_procedures_call_the_tool.py       covers reference/: reference/next.md
  test_procedures_read_the_contract.py   covers reference/: reference/next.md
  test_reference_pages_are_reachable.py  covers reference/: reference/next.md
  test_router_budget.py                  covers reference/: reference/next.md
  test_shipped_vocabulary.py             covers reference/: reference/next.md
  test_tracks_source_documented.py       covers reference/snapshot.md: reference/snapshot.md
selected 14 of 158 modules · 81.2 of 1723.3 module-seconds (4.7%)

14 modules · 318 tests · 14.1s · 4 workers

durations: 158 recorded · 158 on disk · 157 stamped at an ancestor ref · 0 stale · 0 unstamped · 1 unmeasured
  ✓ every module on disk is accounted for
[32m✓ green for --tier affected — this is NOT a green suite[0m
