2026-09-17T11:19:17Z
bc0c9e6779d4b3d843417941c48d2bd0484a1175
Command: python3 tests/selection.py --tier affected --base 9051a43f78bb4e2f892c678c9b4ab54df8bfa376
tier affected · 9051a43f78bb4e2f892c678c9b4ab54df8bfa376...HEAD · 4 changed path(s) · dry run, no test runs
  test_actor_required.py                       covers goals/: goals/SKILL.md
  test_add_refuses_without_an_answer.py        covers goals/reference/phases.md: goals/reference/phases.md
  test_blank_cell_is_one_rule.py               COVERS = ALL
  test_claims.py                               covers goals/: goals/SKILL.md
  test_goals_writer.py                         covers goals/reference/phases.md: goals/reference/phases.md
  test_linkage_writer.py                       covers goals/SKILL.md: goals/SKILL.md
  test_next_closing.py                         covers goals/SKILL.md: goals/SKILL.md
  test_next_section.py                         covers goals/SKILL.md: goals/SKILL.md
  test_ownership.py                            covers goals/: goals/SKILL.md
  test_phase_kr_declared_once.py               covers goals/reference/phases.md: goals/reference/phases.md
  test_pointers_resolve.py                     covers goals/: goals/SKILL.md
  test_procedures_call_the_tool.py             covers goals/: goals/SKILL.md
  test_procedures_read_the_contract.py         covers goals/: goals/SKILL.md
  test_reference_pages_are_reachable.py        covers goals/: goals/SKILL.md
  test_router_budget.py                        covers goals/: goals/SKILL.md
  test_shipped_vocabulary.py                   covers goals/: goals/SKILL.md
  test_starts_write_the_config_store_first.py  covers goals/: goals/SKILL.md
  test_work_modes.py                           covers goals/SKILL.md: goals/SKILL.md
selected 18 of 158 modules · 77.3 of 1061.0 module-seconds (7.3%)
test_exit=0 guard_exit=0
