
[1m0. tree guard — recording /private/tmp/perry-scratch/Perry/independent-review-r8k9p5l2/mutation-413[0m
  · recorded

[1m1. schema drift guard (templates vs schema/state-schema.json)[0m
perry-lint · templates in /private/tmp/perry-scratch/Perry/independent-review-r8k9p5l2/mutation-413
  ✓ clean — every state file matches schema/state-schema.json

[1m2. affected — the modules edf6b143a1b6cf8de3f2d84c53bc5e5d9cebf41e...HEAD selects[0m
tier affected · edf6b143a1b6cf8de3f2d84c53bc5e5d9cebf41e...HEAD · 3 changed path(s) · running the modules below
  widened to the full suite — bin/lib/: bin/lib/__init__.py
  test_a_write_refuses_where_nothing_is_installed.py  full — bin/lib/: bin/lib/__init__.py
  test_actor_required.py                              full — bin/lib/: bin/lib/__init__.py
  test_add_declares_unlinked.py                       full — bin/lib/: bin/lib/__init__.py
  test_add_refuses_without_an_answer.py               full — bin/lib/: bin/lib/__init__.py
  test_add_writes_the_edge.py                         full — bin/lib/: bin/lib/__init__.py
  test_amend_matches_create.py                        full — bin/lib/: bin/lib/__init__.py
  test_answered_ask_is_legible.py                     full — bin/lib/: bin/lib/__init__.py
  test_architecture_rules.py                          full — bin/lib/: bin/lib/__init__.py
  test_ask_is_a_node.py                               full — bin/lib/: bin/lib/__init__.py
  test_asks_list.py                                   full — bin/lib/: bin/lib/__init__.py
  test_asks_store.py                                  full — bin/lib/: bin/lib/__init__.py
  test_attribution_buckets.py                         full — bin/lib/: bin/lib/__init__.py
  test_bin_argument_contract.py                       full — bin/lib/: bin/lib/__init__.py
  test_bin_surface.py                                 full — bin/lib/: bin/lib/__init__.py
  test_blank_cell_is_one_rule.py                      full — bin/lib/: bin/lib/__init__.py
  test_board_from_declarations.py                     full — bin/lib/: bin/lib/__init__.py
  test_board_less_gaps.py                             full — bin/lib/: bin/lib/__init__.py
  test_board_less_project_is_recognised.py            full — bin/lib/: bin/lib/__init__.py
  test_board_less_reads_and_writes.py                 full — bin/lib/: bin/lib/__init__.py
  test_board_names_its_sources.py                     full — bin/lib/: bin/lib/__init__.py
  test_board_render.py                                full — bin/lib/: bin/lib/__init__.py
  test_cadence.py                                     full — bin/lib/: bin/lib/__init__.py
  test_cadence_store.py                               full — bin/lib/: bin/lib/__init__.py
  test_churn.py                                       full — bin/lib/: bin/lib/__init__.py
  test_claims.py                                      full — bin/lib/: bin/lib/__init__.py
  test_compact_payload.py                             full — bin/lib/: bin/lib/__init__.py
  test_config_store_readers.py                        full — bin/lib/: bin/lib/__init__.py
  test_context_budget.py                              full — bin/lib/: bin/lib/__init__.py
  test_contract_invariance.py                         full — bin/lib/: bin/lib/__init__.py
  test_contract_key_parity.py                         full — bin/lib/: bin/lib/__init__.py
  test_contract_page_snippets.py                      full — bin/lib/: bin/lib/__init__.py
  test_count_fields.py                                full — bin/lib/: bin/lib/__init__.py
  test_decide_status_enum.py                          full — bin/lib/: bin/lib/__init__.py
  test_decide_writer.py                               full — bin/lib/: bin/lib/__init__.py
  test_decoration_changes_nothing.py                  full — bin/lib/: bin/lib/__init__.py
  test_design_handoff.py                              full — bin/lib/: bin/lib/__init__.py
  test_diagnose.py                                    full — bin/lib/: bin/lib/__init__.py
  test_dispatch_limit_honesty.py                      full — bin/lib/: bin/lib/__init__.py
  test_duplicate_ids_are_refused.py                   full — bin/lib/: bin/lib/__init__.py
  test_durations_provenance.py                        full — bin/lib/: bin/lib/__init__.py
  test_empty_config_store.py                          full — bin/lib/: bin/lib/__init__.py
  test_empty_declared_store.py                        full — bin/lib/: bin/lib/__init__.py
  test_entrance.py                                    full — bin/lib/: bin/lib/__init__.py
  test_escalation_boundaries.py                       full — bin/lib/: bin/lib/__init__.py
  test_escalation_union.py                            full — bin/lib/: bin/lib/__init__.py
  test_escaped_pipe_corpus.py                         full — bin/lib/: bin/lib/__init__.py
  test_events_feed.py                                 full — bin/lib/: bin/lib/__init__.py
  test_evidence_relation.py                           full — bin/lib/: bin/lib/__init__.py
  test_explain_typed_tasks.py                         full — bin/lib/: bin/lib/__init__.py
  test_glossary.py                                    full — bin/lib/: bin/lib/__init__.py
  test_goals_contract.py                              full — bin/lib/: bin/lib/__init__.py
  test_goals_kr_writer.py                             full — bin/lib/: bin/lib/__init__.py
  test_goals_writer.py                                full — bin/lib/: bin/lib/__init__.py
  test_handed_back_root.py                            full — bin/lib/: bin/lib/__init__.py
  test_header_index_is_the_only_fold.py               full — bin/lib/: bin/lib/__init__.py
  test_header_rule_harness.py                         full — bin/lib/: bin/lib/__init__.py
  test_heading_defines.py                             full — bin/lib/: bin/lib/__init__.py
  test_heading_title.py                               full — bin/lib/: bin/lib/__init__.py
  test_host_support.py                                full — bin/lib/: bin/lib/__init__.py
  test_i18n.py                                        full — bin/lib/: bin/lib/__init__.py
  test_i18n_one_table.py                              full — bin/lib/: bin/lib/__init__.py
  test_id_families.py                                 full — bin/lib/: bin/lib/__init__.py
  test_installed_is_one_predicate.py                  full — bin/lib/: bin/lib/__init__.py
  test_intake_signal.py                               full — bin/lib/: bin/lib/__init__.py
  test_intake_store.py                                full — bin/lib/: bin/lib/__init__.py
  test_knowledge_cards.py                             full — bin/lib/: bin/lib/__init__.py
  test_knowledge_promotion.py                         full — bin/lib/: bin/lib/__init__.py
  test_kr_checks.py                                   full — bin/lib/: bin/lib/__init__.py
  test_kr_progress_provenance.py                      full — bin/lib/: bin/lib/__init__.py
  test_linkage_store_declared.py                      full — bin/lib/: bin/lib/__init__.py
  test_linkage_store_readers.py                       full — bin/lib/: bin/lib/__init__.py
  test_linkage_task_exists.py                         full — bin/lib/: bin/lib/__init__.py
  test_linkage_writer.py                              full — bin/lib/: bin/lib/__init__.py
  test_live_state_expectations.py                     full — bin/lib/: bin/lib/__init__.py
  test_md_store.py                                    full — bin/lib/: bin/lib/__init__.py
  test_measured_krs_declare_a_target.py               full — bin/lib/: bin/lib/__init__.py
  test_merge_gate.py                                  full — bin/lib/: bin/lib/__init__.py
  test_missing_defaults.py                            full — bin/lib/: bin/lib/__init__.py
  test_module_run_guard.py                            full — bin/lib/: bin/lib/__init__.py
  test_next_closing.py                                full — bin/lib/: bin/lib/__init__.py
  test_next_section.py                                full — bin/lib/: bin/lib/__init__.py
  test_ns_collision.py                                full — bin/lib/: bin/lib/__init__.py
  test_okr_krs_render.py                              full — bin/lib/: bin/lib/__init__.py
  test_okr_store_is_the_source.py                     full — bin/lib/: bin/lib/__init__.py
  test_one_choke_point.py                             full — bin/lib/: bin/lib/__init__.py
  test_one_header_rule.py                             full — bin/lib/: bin/lib/__init__.py
  test_one_heading_predicate.py                       full — bin/lib/: bin/lib/__init__.py
  test_one_line_break_rule.py                         full — bin/lib/: bin/lib/__init__.py
  test_one_primitive.py                               full — bin/lib/: bin/lib/__init__.py
  test_one_startable_rule.py                          full — bin/lib/: bin/lib/__init__.py
  test_overall_kr_grammar.py                          full — bin/lib/: bin/lib/__init__.py
  test_ownership.py                                   full — bin/lib/: bin/lib/__init__.py
  test_parallel_runner.py                             full — bin/lib/: bin/lib/__init__.py
  test_parsers.py                                     full — bin/lib/: bin/lib/__init__.py
  test_perry_task_writes_are_what_it_writes.py        full — bin/lib/: bin/lib/__init__.py
  test_phase_kr_declared_once.py                      full — bin/lib/: bin/lib/__init__.py
  test_pointers_resolve.py                            full — bin/lib/: bin/lib/__init__.py
  test_prioritize.py                                  full — bin/lib/: bin/lib/__init__.py
  test_procedures_call_the_tool.py                    full — bin/lib/: bin/lib/__init__.py
  test_procedures_read_the_contract.py                full — bin/lib/: bin/lib/__init__.py
  test_project_root_resolution.py                     full — bin/lib/: bin/lib/__init__.py
  test_purge.py                                       full — bin/lib/: bin/lib/__init__.py
  test_queue_sla.py                                   full — bin/lib/: bin/lib/__init__.py
  test_reference_pages_are_reachable.py               full — bin/lib/: bin/lib/__init__.py
  test_register_minters.py                            full — bin/lib/: bin/lib/__init__.py
  test_register_store_invariant.py                    full — bin/lib/: bin/lib/__init__.py
  test_register_substitution.py                       full — bin/lib/: bin/lib/__init__.py
  test_release_core.py                                full — bin/lib/: bin/lib/__init__.py
  test_release_update.py                              full — bin/lib/: bin/lib/__init__.py
  test_restore_check.py                               full — bin/lib/: bin/lib/__init__.py
  test_resume.py                                      full — bin/lib/: bin/lib/__init__.py
  test_retired_tolerance.py                           full — bin/lib/: bin/lib/__init__.py
  test_review_verdicts.py                             full — bin/lib/: bin/lib/__init__.py
  test_risks.py                                       full — bin/lib/: bin/lib/__init__.py
  test_risks_store.py                                 full — bin/lib/: bin/lib/__init__.py
  test_role_cards.py                                  full — bin/lib/: bin/lib/__init__.py
  test_role_delegation.py                             full — bin/lib/: bin/lib/__init__.py
  test_role_on_rows.py                                full — bin/lib/: bin/lib/__init__.py
  test_router_budget.py                               full — bin/lib/: bin/lib/__init__.py
  test_row_integrity.py                               full — bin/lib/: bin/lib/__init__.py
  test_rung_vocabulary.py                             full — bin/lib/: bin/lib/__init__.py
  test_same_action_linkage.py                         full — bin/lib/: bin/lib/__init__.py
  test_scratch_is_per_agent.py                        full — bin/lib/: bin/lib/__init__.py
  test_selection.py                                   full — bin/lib/: bin/lib/__init__.py
  test_semantics_on_every_payload.py                  full — bin/lib/: bin/lib/__init__.py
  test_shipped_vocabulary.py                          full — bin/lib/: bin/lib/__init__.py
  test_slow_selector.py                               full — bin/lib/: bin/lib/__init__.py
  test_spec_scannability.py                           full — bin/lib/: bin/lib/__init__.py
  test_stage_separators.py                            full — bin/lib/: bin/lib/__init__.py
  test_stale_blocked.py                               full — bin/lib/: bin/lib/__init__.py
  test_starts_write_the_config_store_first.py         full — bin/lib/: bin/lib/__init__.py
  test_state_cost.py                                  full — bin/lib/: bin/lib/__init__.py
  test_state_root_unset.py                            full — bin/lib/: bin/lib/__init__.py
  test_store_drift.py                                 full — bin/lib/: bin/lib/__init__.py
  test_store_is_canonical.py                          full — bin/lib/: bin/lib/__init__.py
  test_store_is_the_write_target.py                   full — bin/lib/: bin/lib/__init__.py
  test_store_population_agrees.py                     full — bin/lib/: bin/lib/__init__.py
  test_stranded_rows.py                               full — bin/lib/: bin/lib/__init__.py
  test_summary_is_asked_for.py                        full — bin/lib/: bin/lib/__init__.py
  test_task_store.py                                  full — bin/lib/: bin/lib/__init__.py
  test_task_store_read_cutover.py                     full — bin/lib/: bin/lib/__init__.py
  test_task_summary.py                                full — bin/lib/: bin/lib/__init__.py
  test_task_writer_contracts.py                       full — bin/lib/: bin/lib/__init__.py
  test_task_writer_core.py                            full — bin/lib/: bin/lib/__init__.py
  test_task_writer_dependencies.py                    full — bin/lib/: bin/lib/__init__.py
  test_task_writer_intake.py                          full — bin/lib/: bin/lib/__init__.py
  test_task_writer_modes.py                           full — bin/lib/: bin/lib/__init__.py
  test_tiers.py                                       full — bin/lib/: bin/lib/__init__.py
  test_track_attribution.py                           full — bin/lib/: bin/lib/__init__.py
  test_track_axes.py                                  full — bin/lib/: bin/lib/__init__.py
  test_track_move.py                                  full — bin/lib/: bin/lib/__init__.py
  test_track_register_source.py                       full — bin/lib/: bin/lib/__init__.py
  test_tracks_source_documented.py                    full — bin/lib/: bin/lib/__init__.py
  test_tree_guard.py                                  full — bin/lib/: bin/lib/__init__.py
  test_unlinked_declaration.py                        full — bin/lib/: bin/lib/__init__.py
  test_v5_signoff.py                                  full — bin/lib/: bin/lib/__init__.py
  test_wip_and_stages.py                              full — bin/lib/: bin/lib/__init__.py
  test_work_modes.py                                  full — bin/lib/: bin/lib/__init__.py
selected 158 of 158 modules · 1617.1 of 1617.1 module-seconds (100.0%)
  held back — test_durations_provenance.py is the slow tier's (tests/parallel § HARNESS_SELF_TESTS): run `bash tests/run --tier slow`
  held back — test_merge_gate.py is the slow tier's (tests/parallel § HARNESS_SELF_TESTS): run `bash tests/run --tier slow`
  held back — test_parallel_runner.py is the slow tier's (tests/parallel § HARNESS_SELF_TESTS): run `bash tests/run --tier slow`
  held back — test_tree_guard.py is the slow tier's (tests/parallel § HARNESS_SELF_TESTS): run `bash tests/run --tier slow`
this change is wide

[31m✗ test_bin_argument_contract.py[0m — 3 of 58 test(s) failed
  [31m! unittest counted 3 failed test(s) and the id parser named 1[0m — the list below is the parser's and is short; the count above is the larger of the two on purpose.
    FAIL   test_bin_argument_contract.TestListIsBounded.test_mixed_status_totals_are_counted_before_truncation
  [33m… 92 earlier line(s) elided of 117; the last 25 follow — re-run this module alone for all of it[0m
Traceback (most recent call last):
  File "/private/tmp/perry-scratch/Perry/independent-review-r8k9p5l2/mutation-413/tests/test_bin_argument_contract.py", line 704, in test_mixed_status_totals_are_counted_before_truncation
    self.assertEqual(payload["bound"]["open_total"], 4)
AssertionError: 6 != 4

======================================================================
FAIL: test_mixed_status_totals_are_counted_before_truncation (test_bin_argument_contract.TestListIsBounded.test_mixed_status_totals_are_counted_before_truncation) (limit='3')
----------------------------------------------------------------------
Traceback (most recent call last):
  File "/private/tmp/perry-scratch/Perry/independent-review-r8k9p5l2/mutation-413/tests/test_bin_argument_contract.py", line 704, in test_mixed_status_totals_are_counted_before_truncation
    self.assertEqual(payload["bound"]["open_total"], 4)
AssertionError: 6 != 4

======================================================================
FAIL: test_mixed_status_totals_are_counted_before_truncation (test_bin_argument_contract.TestListIsBounded.test_mixed_status_totals_are_counted_before_truncation) (limit='0')
----------------------------------------------------------------------
Traceback (most recent call last):
  File "/private/tmp/perry-scratch/Perry/independent-review-r8k9p5l2/mutation-413/tests/test_bin_argument_contract.py", line 704, in test_mixed_status_totals_are_counted_before_truncation
    self.assertEqual(payload["bound"]["open_total"], 4)
AssertionError: 6 != 4

----------------------------------------------------------------------
Ran 58 tests in 197.475s

FAILED (failures=3)

154 modules · 4304 tests · 1408.4s · 8 workers

durations: 158 recorded · 158 on disk · 157 stamped at an ancestor ref · 0 stale · 0 unstamped · 1 unmeasured
  ✓ every module on disk is accounted for
[31m✗ 1 of 154 MODULE(S) red[0m
[31m✗ 3 of 4304 TEST(S) failed[0m

[1m3. bin/ scripts are syntactically valid and self-documenting[0m

[1m4. skipped — not in the smoke tier (--tier affected)[0m

[1m0. tree guard — the tree the suite started in is the tree it ends in[0m
  ✓ nothing under /private/tmp/perry-scratch/Perry/independent-review-r8k9p5l2/mutation-413 moved

[31m✗ failures above[0m
